__label__3, こんにちは 、 この 度 、 県 から 制定 さ れ た 火災報知機 について の こと で 消防局 から やってき た 黒 円 です 。  
__label__3, 県 から 制定 さ れ た 火災報知器 って 何 の こと です か 。  
__label__3, 今度 から 、 火災報知器 の 規格 の 基準 が 変わっ た の です 。 具体的 に 言い ます と 、 設置 個所 としまして は 台所 ・ 寝室 ・ 居間 に は 火災 警 報 器 を 付け なけれ ば なり ませ ん 。 今 まで の 装置 だ と 基準 に 満た ない ため 、 新た な 火災報知器 の 設置 が 必要 と なっ て い ます 。 来年 に は 消防局 の 検査 が 入る ので 、 それ まで に は 、 設置 し て 法令 条件 を 満たし て い なけれ ば なり ませ ん 。  
__label__3, それ は 知ら なかっ た 。 それ は 法令 で 決まっ た 義務 な の 。 それなら 仕方 ない から 、 設置 を 考える けど 、 私 の 家 は 一個 も ついて ない から 。  
__label__3, 法令 で 住宅 用 煙 感知 器 の 取り付け 義務 が あり 、 この 地域 は 今月 一 杯 、 取り付け の 確認 に 歩く こと に なっ て い ます 。 お宅 は あまり 設置 さ れ て い ない 地区 な ので 、 早め に 確認 に お 伺い し まし た 。  
__label__3, 設置 に どの くらい かかる の 。  
__label__3, 通常 の 業者 に 頼む と 、 一 か所 事 に 5万円 ほど に なり ます 。 今回 の ケース だ と 台所 ・ 寝室 ・ 居間 の ほか に 客間 も ある ので 、 20万円 は 少なくとも 超える と 思い ます 。  
__label__3, えー 、 義務 な のに そんなに する の 。  
__label__3, はい な ので 、 私たち と 連携 し て いる 会社 なら 、 今日 の 検査結果 を もと に 見積 書 を 作れる ため 、 そこ に 料金 が かかり ませ ん し 、 委託 さ れ て いる 会社 な ので 補助金 が で て 、 安く なっ て い ます し 、 さらに そこ は 数 が 増える ごと に 割安 に し て いる ところ な ので 。 そうなると 。 価格 は 1 個 3 万 円 に なり ます が 、 3 箇所 以上 付ける と 1 個 2 万 5 千 円 に なり ます 。  
__label__3, そう なっ たら 、 合計 で 半額 の 10万円 くらい に なる ね 。  
__label__3, それ は 助かる 。 委託 会社 に 設置 依頼 する に は どう し たら いい の 。  
__label__3, ありがとう ござい ます 。 依頼 を する 旨 を 、 この 書類 に 印鑑 と 氏名 と を 書い て いただい て 、 依頼 し て ください 。 住所 の 記入 も お願い し ます 。 そう し て いただく と 後日 、 見積 書 と 一緒に 工事 了承 の 書類 と 開始 時期 の 確認 の 書類 が 来る ので 、 それ が 終わっ て から 、 工事 が 開始 さ れ て 振り込み が できる よう に なり ます 。  
__label__3, こんにちは 、 この 県 の 職員 の カロチン です 。 この 地域 の 電気 事情 について の 視察 に 参り まし た 。 視察 の 目的 としまして は 世帯 単位 で どの よう な 電力消費 を し て いる か を 調査 の ため です 。 そのため に 月々 の 電気代 と 見積 書 を 見せ て い た だけ ませ ん か 。  
__label__3, わかり まし た 。 ちょっと 待っ て ください 。  
__label__3, これ は 月々 、 結構 な 量 の 電気 を 使用 し て い ます ね 。  
__label__3, 私たち は 五 人 家族 だ から ね 。  
__label__3, そうですね 。 人 が 多く なる 世帯 は 使用者 が 多い 分 、 それ に 比例 し て 電力消費 が 多く なる 傾向 に あり ます ね 。 それ なら ば 、 家庭 の 負担 を 減らす ため に 、 太陽 パネル を ご 利用 に なり ませ ん か 。 太陽 パネル は 自宅 で 電気 を 生産 、 運用 する 装置 な の です が 、 これ を 行う と 電力会社 の 負担 も 軽減 できる の です 。 実は わたくし たち の 視察 の 最終 目的 は 電力会社 の 負担軽減 な の です 。  
__label__3, なんで そんな こと が 必要 な の 。  
__label__3, やはり 、 生産 できる 電力 に は 限り が ある ので 、 大量 に 電気 を 消費 さ れる の を 防ぐ ため 、 電気 の 価格 を 上げる しか 今 まで は なかっ た の です が 、 それでも 追いつか なく なっ て いく 可能性 が 数 多く の 電気 化 で 強く なっ て いる の です 。 な ので 、 各 家庭 の 電力 生産 の 補助 に 乗り出し まし た 。  
__label__3, それ を する と 工事 が いる の よ ね 。 高い 金額 は 今 の 家庭 に は きつい わ 。  
__label__3, 大丈夫 です 。 当然 です が 、 県 から の 補助金 が 出 て ます し 、 さらに 県 から 委託 さ れ た 会社 に 依頼 すれ ば 、 特別価格 で 割安 に なり ます し 、 ローン も でき ます し 、 分割払い を 行う 利子 も お安く でき ます 。 色々 な 補助 が 付い て いる ので 、 お 得 です よ 。 おそらく です が 、 この 家 なら ば 、 800万円 くらい だ と 思い ます 。 ただ 期限 が ある ので お 急ぎ ください 　  
__label__3, 期限 と は いつ まで 。  
__label__3, 県 から の 補助 が ある まで な ので 来月 まで です ね 。 それ を 過ぎる と さっき 言っ た 特典 は なくなり ます 。  
__label__3, わかり まし た 。 契約 し ます 。 どう すれ ば 、 いい です か  
__label__3, 依頼 を する 旨 を 、 この 書類 に 印鑑 と 氏名 と を 書い て いただい て 、 依頼 し て ください 。 住所 の 記入 も お願い し ます 。  
__label__3, こんにちは 、 私 は 県 から 派遣 さ れ た 職員 の もの です 。 この 度 、 この 地域 一帯 の 火災報知器 と 熱 感知 器 の 設置 が 法令 改正 の 公布 によって 、 この 二つ の 装置 の 設置 が 義務付け られる よう に なり まし た 。  
__label__3, こんにちは 、 うちに は 火災報知器 は 台所 に つい て ます が  
__label__3, すいません 。 この 度 の 法令 改正 で 装置 の 基準 が 大幅 に 改善 さ れ て いる の です 。  
__label__3, つまり どういう こと でしょ う か 。  
__label__3, この 基準 の 改善 で 、 取り付ける 装置 の 性能 を 大幅 に あげる こと が 求め られる よう に なり まし た 。 つまり です ね 。 従来 の 火災報知器 と 熱 感知 器 で は 、 この 基準 を 満たす こと が でき ず 、 法令違反 と なっ て し まし ます 。  
__label__3, えー そんな 面倒 な こと に なっ てる ん です か 。  
__label__3, はい 。 それ だけ で なく 、 先 ほど 台所 に ある と いわ れ まし た が 、 ほか に も 風呂 場 、 寝室 など 在宅 時 に いる 時間帯 が 長い 部屋 も 装置 の 設置 が 義務づけ られ まし た 。  
__label__3, 本当に それ まで 義務 な の 。  
__label__3, 政府 の サイト に 公布 さ れ て い ます 。 それ を 印刷 し た の が これ です 。  
__label__3, ほんと だ 、 義務 化 さ れ てる 。 しかも 三 年 後 まで の  
__label__3, ご 理解 いただき ありがとう ござい ます 。 つき まし て は 家 の 中 を 点検 さ せ て いただき ます 。  
__label__3, 家 を 点検 し た 所 、 寝室 、 リビング など に も 設置 し なけれ ば いけ ませ ん が 、 設置 する 土台 が あり ませ ん ので 、 工事 を し て 作っ て もらう 必要 が あり ます 。  
__label__3, それ は 自己 負担 な の 。 どれ くらい かかる の  
__label__3, 土台 から 作り ます と 一 か所 ５ 万 円 、 装置 のみ だ と 二 万 円 に なり ます 。  
__label__3, そんなに かかる の 、 義務 な のに 、 それ だ と この 家 は 十 三 万 かかる こと に なる  
__label__3, この 金額 は 国 から 補助金 が 出 て いる 値段 に なり ます 。 かなり 値引き さ れ た 値段 だ と も い ます 。 それでも 、 すぐ に 払え ない なら 、 国 から 委託 し た 建設会社 に 特別価格 で 契約 し て いただけれ ば 、 さらに お 得 に なり ます 。  
__label__3, ほんとに お願い し ます  
__label__3, わかり まし た 。 ここ に 氏名 と 工事 了承 の サイン と 印鑑 を お願い し ます 。 後日 、 見積 書 とともに 工事 に 取り掛かり ます 。  
__label__3, わかり まし た 。 よろしくお願いします 。  
__label__3, こんにちは 、 私 は 市 から 派遣 さ れ た 健康 センター の もの です が 、 この 地域 の 高齢者 を 対象 と し た 無料 の カウンセリング を 実施 し て い ます 。 特に この 地域 は 高齢者 の 一人 も 方 が 多い ので 重点的 に 行っ て い ます 。  
__label__3, あー そう な の かい 。 たしかに 私 は 一人 だ ね 。  
__label__3, 一人暮らし だ と 寂しく あり ませ ん か 。 不安 に 感じる こと は あり ませ ん か 。  
__label__3, 一人 だ と しゃべる 相手 も そば に い ない し 、 退屈 に 感じる こと が 多い よ 。 体 の 節々 も 痛い し ね  
__label__3, 市 は そういった 一人暮らし 世帯 に 人 と 人 と の つながり 、 特に 身内 以外 の 人間 と 話 が できる よう に し たい と 思い 、 私たち 市 の 職員 、 もしくは 自治体 の 人 が 訪問 さ せ て いただい て い ます 。 何 か 相談 する とき は 自治体 か 、 市 に 相談 し て ください 。  
__label__3, そう な の 。 お願い し ます 。  
__label__3, あなた 様 に は 健康 で い て ほしい と 思い ます 。 そこで いい 漢方薬 が ある の です が 、 体 の 血行 を 良く し て 、 高血圧 の 抑制 など も し ます 。 月々 三 万 円 で 体 の 健康 を 改善 し ます 。  
__label__3, 本当に よく なる の  
__label__3, はい 、 さらに この 健康 の マッサージ 装置 を 買え ば 、 足 の むくみ や 、 腫れ も 取れ て とても いい です 。 さらに 今回 特別 に 取り換え 式 の カートリッジ も お 付け し て 、 十 五 万 円 と とても お安く し て い ます 。  
__label__3, そう な の かい 、 なんか たくさん 説明 さ れ た けど よく わから なかっ た 。 とりあえず 、 健康 に 良い こと だけ 分かっ た 。 あと やすい の よね  
__label__3, はい 、 その 通り です 。  
__label__3, さらに この 健康食品 を 毎食 の 食後 に 食べ て いただけれ ば 、 血液 を さらさら に し て 、 体調 を 良く し ます し 、 新陳代謝 を 上げる ので 、 冷え性 の 対策 に も なり ます 。  
__label__3, 親切 に どうも ありがとう ね 。  
__label__3, はい な ので 、 この 契約 に サイン と 氏名 、 あと 印鑑 を お願い し ます 。 口座 の 番号 を 入試 て ください 。  
__label__3, 私 は どうも そういう の が 苦手 で 、 どう すれ ば いい の か ね  
__label__3, わかり まし た 。 なら 印鑑 と 通帳 を 持っ て き て いただい て 、 この 書類 の ここ と ここ に 氏名 を お願い し ます 。 あと は すべて 私 が 記入 し て 契約 いたし ます から 。  
__label__3, ありがとう 、 親切 だ ね  
__label__3, あと この 契約 は ５ 年 契約 な ので 、 期間 を 過ぎる と 契約解除 が でき なく なり ます から 、 よろしくお願いします 。 そのため の サイン の ため に ここ に 氏名 を ご 記入 ください 。  
__label__3, よく 分から ない 。 けど 健康 に いい の よ ね 。  
__label__3, こんにちは 、 この 県 の 職員 の カロチン 三 です 。 この あたり の 電気 事情 について の 調査 の 視察 に 参り まし た 。 月々 の 電気代 と 見積 書 を 提出 し て い た だけ ませ ん か 。  
__label__3, わかり まし た 。 ちょっと 待っ て ください 。  
__label__3, これ は 月々 、 結構 な 量 の 電気 を 使用 し て い ます ね 。  
__label__3, 私たち は ６ 人 家族 だ から ね 。  
__label__3, それ なら ば 、 太陽 パネル を ご 利用 に なり ませ ん か 。 わたくし たち の 視察 の 目的 は 電力会社 の 負担軽減 な の です 。  
__label__3, なんで そんな こと が 必要 な の 。  
__label__3, やはり 、 生産 できる 電力 に は 限り が ある ため 、 大量 に 消費 さ れる の を 防ぐ 、 無駄 な 消費 を 減らす ため に 、 電気 の 価格 を 上げる しか 今 まで は なかっ た の です が 、 それでも 追いつか なく なっ て いく 可能性 が 数 多く の 製品 の 電気 化 で 強く なっ て いる の です 。 な ので 、 各 家庭 の 電力 生産 の 補助 に 乗り出し まし た 。  
__label__3, それ を する と 工事 が いる の よ ね 。 どの くらい かしら 。  
__label__3, おそらく ５ ０ ０ 万 円 くらい だ と おもい ます 。  
__label__3, その 高い 金額 は 今 の 家庭 に は きつい わ  
__label__3, 大丈夫 です 。 今 は 電気代 を フル で 払っ て い ます が 、 太陽光発電 システム の 導入 により 、 電気代 の 負担 が なくなり ます 。 余っ た 電気 は 電力会社 に 売る こと も でき ます 。 さらに 月々 の ローン を 払っ た として も 、 光熱費 が 必要 なくなり 、 そのうえ 余剰電力 の 売却 益 も ある 訳 です から 、 実質 的 な 負担 は あり ませ ん 。 工事 の 費用 自体 も 、 当然 です が 、 県 から の 補助金 が 出 て ます し 、 さらに 県 から 委託 さ れ た 会社 に 依頼 すれ ば 、 特別価格 で 割安 に なり ます し 、 ローン も でき ます し 、 分割払い を 行う 利子 も お安く でき ます ローン 180回 払い 、 つまり 15年間 で 機器 代金 を 償却 でき ます から 、 償却 が 終われ ば 、 収支 は むしろ プラス に なり ます 。 ただ 期限 が ある ので お 急ぎ ください 。  
__label__3, 期限 って いつ まで な の 。  
__label__3, この 地域 の 検査 を 終える まで な ので 、 再来週 まで です ね 。  
__label__3, なら 急が ない と 、 契約 する に は どう し たら いい です か 。  
__label__3, 依頼 を する 旨 を 、 この 書類 に 印鑑 と 氏名 と を 書い て いただい て 、 依頼 し て ください 。 住所 の 記入 も お願い し ます 。 後日 、 検査 の ため の 人 が 来 ます が 、 おそらく その 時 に 見積 書 も すぐ に 作っ て くれる と 思い ます 。 我々 の 視察 内容 を お伝え し て おき ます ので 、 その 消費 量 に 遭っ た 工事 を し て くれる と 思い ます 。  
__label__3, こんにちは 、 私 は 市 の 職員 と 水道局 の 職員 な の です が 、 この 地域 の 水質 検査 の ため に 各 家庭 の 定期 点検 で この 地区 を 廻っ て いる ので 、 役所 の 検査 の 立会い を お願い し ます  
__label__3, 水道局 の 点検 、 お金 は かから ない の  
__label__3, もちろん 、 無料 です 。  
__label__3, それなら 、 お願い し ます 。  
__label__3, ありがとう ござい ます 。 点検 する 場所 と 内容 は 風呂 回り や 排水 管 が 老朽 化 し て い ない か 、 水 漏れ を 起こし て い ない か に なり ます 。  
__label__3, わかり まし た 。  
__label__3, 点検 し た 結果 、 排水 管 が 古く なっ て 錆び て い ます 。 これ だ と かなり 汚水 、 ないし 水質 の 悪化 し た 水 を ご 使用 に なら れ て い ます 。 最悪 の 場合 中毒 を 起こす レベル に も なり え ます 。 また 浴室 の 洗い場 に ひび が 入っ て い て 、 下 に 水 が 漏れ て い ます 。 家 の 基礎 部分 や 土台 に 水 が 広がっ て いる ため 、 ところどころ 腐り 始め て い て 、 家 の 基礎 に 関 る こと な ので 、 このまま 放置 する と 、 大変 な こと に なる 可能性 や 、 水 が 満足 に 供給 さ れ ない 可能性 も あり 、 これ は 危険 だ と 判断 し まし た 。 すぐさま 改善 を お願い し ます 。  
__label__3, 大 変どう しよ う 。  
__label__3, 市 から 委託 さ れ て いる 会社 が ある ので そこで 見積 書 を 作っ て 、 いただい て もらう と 、 市 から 委託 さ れ て いる ので 当然 、 市 から の 補助金 が 出 て ます し 、 さらに 市 から 委託 さ れ た 会社 に 依頼 する ので 、 特別価格 で 割安 に なり ます し 、 ローン も でき ます し 、 分割払い を 行う 利子 も お安く でき ます 。 色々 な 補助 が 付い て いる ので 、 お 得 です よ 。 おそらく です が 、 この 家 なら ば 、 200万円 くらい だ と 思い ます 。 ただ 期限 が ある ので お 急ぎ ください 。  
__label__3, 期限 って いつ まで な の 。  
__label__3, この 地域 の 検査 を 終える まで な ので 、 再来週 まで です ね 。  
__label__3, なら 急が ない と 、 契約 する に は どう し たら いい です か 。  
__label__3, 依頼 を する 旨 を 、 この 書類 に 印鑑 と 氏名 と を 書い て いただい て 、 依頼 し て ください 。 住所 の 記入 も お願い し ます 。 後日 、 検査 の ため の 人 が 来 ます が 、 おそらく その 時 に 見積 書 も すぐ に 作っ て くれる と 思い ます 。 我々 の 視察 内容 を お伝え し て おき ます ので 、  
__label__3, こんにちは 、 この 地域 の 自治体 の 者 です が 、 カル ご さん は 御 在宅 でしょ う か 。  
__label__3, はい 、 私 が そう です 。  
__label__3, 最近 、 この 自治体 の 地域 に 高齢者 が 増え て き た こと から 、 世帯 調査 を 行お う と 思い 、 訪問 さ せ て いただき まし た 。 最近 、 孤独死 がよく 問題 に なっ て い ます が 、 カル 二 さん は 現在 一人暮らし を し て いる と の こと です ので 、 お 間違い ない でしょ う か 。 近く に ご 子息 、 もしくは ご 親戚 など は いら しゃ い ませ ん か 。  
__label__3, 息子 は 県外 に いる し 、 親せき も 地元 が 北海道 な ので 、 い ない わ ね 。  
__label__3, わかり まし た 。 一人暮らし の 方 で 親戚 類 が 身近 に いない 人 は 今度 から 定期的 に 訪問 さ せ て いただき ます 。  
__label__3, そう な の 、 ありがと ね 。  
__label__3, 今回 の 訪問 の 目的 は それ だけ で は ない ん です 。 孤独死 の 原因 は 独り身 から くる 精神 の 衰弱 が 原因 の 場合 が 多い ん です 。 それ は 高齢者 の 方々 は あまり 自覚 を 持た ない な い人 が 多いい です が 、 事例 や 関わっ て みる と 大きな 比重 を 占め て いる と 思い ます 。 な ので 、 心 の リラックス に つながる 運動 や 趣味 が 必要 だ と 思い ます 。  
__label__3, そう な の 、 自治体 の 方 で も そんな こと を 気 に し て くれる の ね 。 でも この 年齢 で 運動 は きつい し 、 新しい 趣味 を 探し に 行く の も 大変 だ わ 。  
__label__3, はい 、 そう おっしゃら れる 方 は 多い です 。 なので 心 を 休める の に は 、 視覚 や 触覚 、 聴覚 など の 五感 を 刺激 する こと で 高い 効果 を 見込め ます 。  
__label__3, 何 を すれ ば いい 効果 が ある の 。  
__label__3, きれい な もの など を 見 て いれ ば 、 心 が 安らぐ 効果 が 期待 でき ます 。 そこで 森 の 木漏れ日 を 書い て ある 絵画 は どうでしょう か 。 今回 は その 自治体 の 特別価格 で 提供 さ せ て いただき ます 。 通常 なら 30万円 です が 、 20万円 に なり ます 。  
__label__3, それ は ありがたい 。  
__label__3, これ は 自治体 の 支援 さ れ た 価格 です が 、 期間 が ある ので 、 二 週間 の 期限 が 過ぎる と 通常価格 に 戻り ます 。 。  
__label__3, わかっ た 。 どう すれ ば いい の 。  
__label__3, この 契約 書 に 契約 の サイン と 氏名 、 さらに この 自治体 の 提案 を 受け入れ た と の 契約書 の 氏名 入力 を お願い し ます 。 分割払い は もちろん できる ので 、 ご 利用 ください 。 そう 致し ます と 後日 、 絵画 が 送ら れ て き ます し 、 郵送 完了 次第 、 精神 の 改善 の 調査 に うかがわ せ て い た でき ます 。  
__label__1, こんにちは 、 ほうじ 会社 の くろ です 。 私 は 今回 、 新製品 の 布団 と 毛布 を ご 紹介 さ せ に いただき に 参り し た 。  
__label__1, こんにちは 、 布団 と 毛布 です か 。 今 、 普通 に 持っ て いる の です が 、 それと 何 か 変わる ん です か 。  
__label__1, そうですね 、 具体的 に は 今 の 布団 と 毛布 は 、 羽毛 です か 。  
__label__1, そう だ ね 。  
__label__1, 羽毛 は 確か に 暖かい ん です が 、 私たち が 紹介 する 布団 は 中 の もの と 外側 の 外装 が 今 まで の 商品 と は 違い ます 。  
__label__1, 違う の って の は 具体的 に どう 違う の 。  
__label__1, 布団 と 特に 毛布 の 中身 は 熱 を 高い 性能 で 生産 する 機能 を 持っ て いる ん です が 、 これ を 保温性 の 高い 外装 で この 温度 を 維持 し て 、 相乗効果 で 寒い 季節 は これ を 体 冷やす こと から 、 守り ます 。 それ だけ で なく 、 布団 が 湿気 を 透過 さ せる ため 、 体 が 蒸れる ことこと から 、 守り ます 。  
__label__1, 確か に 、 今 の 布団 と 毛布 だ と 暖かい けど 蒸れ たり こと が ある から 困る の よ ね 。 それだけ じゃなくて 、 特に 寒い 日 とか は 布団 と 毛布 来 て て も 寒い し 、 だからといって 、 電気毛布 なんか を 使う と 熱く なり すぎ て 蒸れ て 嫌 だっ た から 、 それ が 改善 さ れる から 、 ありがたい わ 。  
__label__1, そうですね 。 おっしゃら れ た 通り 、 お客様 の ご 意見 の 中 に 、 電気毛布 など の 製品 と 合わせ て 使う と 寝汗 を 書い て 蒸れる という 意見 が 多かっ た ん です よ ね 。 それ を 改善 する ため に 保 湿 では なく 、 保温 に 優れ なおかつ 、 暖かく なる 、 この 布団 が 開発 さ れ た の です 。  
__label__1, いい です ね 。 いくら な の かしら 。  
__label__1, 布団 の 一人 用 の 布団 で 、 ５000 円 です 、 二人 用 の 布団 は ８000 円 です 。 複数 の セット を 同時に 申し込ま れる と 割安 に なり ます 。 たとえば 、 2セット なら １ ０ ％ 引き 、 3セット 15 ％ 引き 、 それ 以上 は 18 ％ 引き に なり ます 。  
__label__1, そう な の 。 なら 一人 用 二 セット と 二人 用 を 1セット ください 。 私たち は 三 人 家族 な ので だ けど 、 一 人体 が 大きく て 、 いっつも 布団 から はみ出 て いる ので 、  
__label__1, 了解 し まし た 。 この 契約 書 に 氏名 と サイン と 印鑑 を し て いただく と 、 後日 、 商品 を 郵送 し ます 。 商品 が 届き 次第 、 料金 を お 支払い に なっ て もらう の です が 、 商品 が 郵送 さ れる と 同時に 明細書 と 振込 用紙 を 送る ので 、 振り込ん で いただき ます 。 期限 が ある ので 気 を 付け て ください 。 期間 を 過ぎる と 、 催促 が 来る ので 、 一括 が 苦しい 場合 は 振込 用紙 に 分割払い も 、 ある ので 契約 時 に 申し て いただけれ ば 大丈夫 です 。 3か月 の 分 の 分割 に なり ます 。  
__label__1, こんにちは 、 私 は 食品会社 の 赤城 です 。 お水 の 訪問販売 を 行い に まいり まし た 。 これ は 定期 的 な 補充 を 目的 に 訪問 さ せ て いただき ます 。  
__label__1, こんにちは 、 それ は おり がたい の だ けど 、 どういう 販売 な の か よく わから ない 。 せつめい し て もらえる かしら 。  
__label__1, わかり まし た 。 一 から 説明 さ せ て いただき ます 。 ウォーターサーバー を 設置 し ます 。 定期 で 水 を 補給 し ます 。 この 販売 は 期間限定 の 契約 です 。 １月 から １ 2月 まで の １ 年間 の 契約 と なり ます 。 です が 、 一 カ月 ごと に 契約 終了 の 手続き は でき ます 。 ２ 週間 ごと 、 もしくは 1カ月 ごと に 所定 の 容器 に 満タン の 容器 を 補充 し に 行き ます 。 その とき 、 補充 し た分 を 1 リットル ごと に 3000円 の 料金 を いただき ます 。 ウォーターサーバー は 3万円 で 、 契約 料 として 年間 費 は 2万円 に なり ます 。  
__label__1, それ は ウォーターサーバー を 買っ た あと は 、 もともと 持っ て いる たん くに ほじ ゅうしてくれるってことなの 。  
__label__1, そうですね 。 それ を 先 ほど 申し た 通り 定期 で 行い ます 。 それなら 、 水 を 買い に 行か なく て すむ よう に なる ので 、 す ごく楽 に なり ます よ 。 さらに 水 は 飲む だけ で なく 、 料理 など に も 使え ます 。  
__label__1, そう ね 。 私 も 最近 、 外 に 行く の が 、 億劫 に なっ て いる から 特に 水物 類 は 重く て 、 運 びたくなくなってたのよね 。 契約 さ せ て いただき ます 。  
__label__1, ありがとう ござい ます 。 こちら が 契約書 に なり ます 。 この 部分 に 契約期間 の 記述 と 了承 の 印鑑 を 押し て ください 。 そう し て いただき まし たら 、 今日 から でも 、 補充 さ て いただき ます 。  
__label__1, ありがとう 、 お願い し ます 。 これ って 、 今年 だけ の もの な の 。  
__label__1, いえ 、 彼 は その 年 の 終わり 、 この 場合 で 言い ます と 、 １２月 の 段階 で 来期 も 契約 さ れる か 、 確認 に 来さ せ て いただき ます 。 その 時 に 来期 も 継続 の 意思 が あれ ば 、 来年 の １月 から に 今回 と 同様 に 訪問 さ せ て いただき ます 。  
__label__1, そう な の 、 ありがとう 、 じゃあ 来年 も お願い し たい と 思い ます 。  
__label__1, はい 、 来期 も よろしくお願いします 。  
__label__1, こんにちは 、 私 は 学習 教材 会社 の 赤城 です 。 学習 教材 の 訪問販売 を 行い に まいり まし た 。 これ は 定期 的 な 学習 の 促進 を 目的 に 訪問 さ せ て いただき ます 。  
__label__1, こんにちは 、 それ は おり がたい の だ けど 、 どういう 販売 な の か よく わから ない 。 せつめい し て もらえる かしら 。  
__label__1, わかり まし た 。 一 から 説明 さ せ て いただき ます 。 この 教材 は 学校 の 教科書 に 準拠 し た 教材 です 。 理由 としまして は 使用 する 教材 を 途中 で 変更 する と 学習 の 効率 が 悪く なる から です 。 そこで 教科書 に 準拠 し た 当社 の オリジナル 教材 を 使え ば 、 効果的 に 学習 を 補助 する こと が でき ます 。 また 受験 を 控え た 学生 の お子様 を 対象 に 、 学力 診断 と 、 簡単 な 個別指導 を 行っ て おり ます 。 これ によって 、 現時点 で の 学力 を 測定 し ます 。 それ を 定期的 に 行っ て 、 目標 の 学校 に 合格 できる よう に し て いる の です 。 とくに 遅れ て いる 教師 は これから 遅れ を 取り戻す に は 、 学校 の 教科書 や 、 書店 で 売っ て いる 市販 の 教材 だけ で は 間に合い ませ ん 。 体系 的 な 学習 の ポイント を 押さえ た 、 当社 独自 の 学習 教材 を 使っ て 、 一気に 遅れ を 取り戻す 必要 が あり ます  
__label__1, 定期的 に と は どんな 感じ な の です か 。  
__label__1, 学力 把握 テスト は １ カ月 毎 、 教材 は 1週間 、 もしくは 2週間 に 一 度 、 提供 さ せ て いただき ます 。 これ は 解い て もらう こと が 前提 と なり ます が 、 塾 など の 時間 が 決まっ て いる もの と 違い 、 部活 など を し て い て も 可能 に なる もの です 。  
__label__1, そう ね 。 部活 が ある と 時間 的 に 塾 に は 行き にくい の よ ね 。 価格 は どう やっ て 決まる の 。  
__label__1, これ は 教科 ごと に 一 年間 で 5万円 の 教材 費 に なり ます 。 これ は 定期 の 学力テスト も 含め た の 価格 です 。 契約 は 一 年間 は 有効 な ので 、 契約 し て いただく と 、 振り込み で 払っ て いただき ます 。 さらに 複数 教科 を 申し込ま れる 場合 は 割安 に なっ て 、 ８ 万 円 、 10万円 、 11万円 と 価格 は 上がり ます が 、 安く なる ％ が 増え て い ます 。  
__label__1, わかっ た 。 契約 し ます 。  
__label__1, ありがとう ござい ます 。 依頼 を する 旨 を 、 この 書類 に 印鑑 と 氏名 と を 書い て いただい て 、 依頼 し て ください 。 住所 の 記入 も お願い し ます 。  
__label__1, こんにちは 、 あし で 電気 に サザエ です 。 今回 、 当社 の 社債 について の 販売 と 説明 に 来さ せ て いただき ます 。  
__label__1, なんで 社債 なんて よく わから ない から 、 説明 し て もらえる 。  
__label__1, もとろ ん です 。 当社 は 半導体 の チップ を 製造 し て いる 会社 な の です が 、 最近 新しい 技術 により 特許 を 取得 し た の です が 、 その 技術 が 自動車 会社 を 含め 、 多く の 企業 に 発注 し て もらえ た の です が 、 現在 の 会社 の 規模 で は 小さ すぎ て 発注 に 生産 が 追いつか ない 状態 です 。 そのため 、 この 度 、 工場 を 増築 しよ う と しよ う と 思う の です が 、 資金 が 計画 し て いる 規模 に 届か ない ため 、 その 資金集め に 社債 を 今回 、 発行 しよ う と 考え まし た 。  
__label__1, その 社債 を 買っ て 、 どんな メリット が ある の 、  
__label__1, 社債 な ので 利子 が 付く の は 当然 です が 、 貸し て いただい た 価格 の 20 ％ の 利子 を 付け て 、 お返し し ます し 、 こう いって は 何 です が 今回 の 規模 で 運営 すれ ば 、 非常 に 大きな 利益 を 上げる こと が ほぼ 確実 と なり ます 。 なので 利息 分 の ％ は 大きい です が 、 未払い に なる 可能性 は 低い です 。 なので 300万円 から 900万円 まで の 社債 を 用意 し て い ます 。  
__label__1, それ は 最低 で も 300万円 から に なる という こと 。  
__label__1, そうですね 。 なので 利息 込 の 返金 は 約 360万円 と なり ます ね 。  
__label__1, いい わ ね 。 契約 する わ 。 その 社債 を 買わ せ て  
__label__1, ありがとう ござい ます 。 いくら の 社債 を 買っ て いただける の でしょ う 。  
__label__1, 600万円 の 社債 を 頂戴  
__label__1, 承知 し まし た 。 では この 社債 に 氏名 と 了承 の 署名 と ハンコ を お願い し ます 。 その後 、 社債 の お金 の 振り込み 用紙 に 口座番号 が 書い て あり ます ので 、 代金 の 振り込み を お願い し ます 。 これ は 期間 が ある ので 、 締め切り は 厳守 で お願い し ます 。  
__label__1, また 別口 で ほしく なっ たら どう する の 。  
__label__1, その 時 は また ご 連絡 いただけれ ば 、 お 伺い さ せ て いただき ます 。  
__label__1, こんにちは 、 私 は 食品会社 の 赤城 です 。 お水 の 訪問販売 を 行い に まいり まし た 。 これ は 定期 的 な 補充 を 目的 に 訪問 さ せ て いただき ます 。  
__label__1, こんにちは 、 それ は おり がたい の だ けど 、 どういう 販売 な の か よく わから ない 。 せつめい し て もらえる かしら 。  
__label__1, わかり まし た 。 一 から 説明 さ せ て いただき ます 。 ２ リットル を 指定 数 郵送 し ます 。 これ を 定期 で 水 を 補給 し ます 。 この 販売 は 期間限定 の 契約 です 。 １月 から １ 2月 まで の １ 年間 の 契約 と なり ます 。 です が 、 一 カ月 ごと に 契約 終了 の 手続き は でき ます 。 ２ 週間 ごと 、 もしくは 1カ月 ごと に 所定 の 個数 を 補充 し に 行き ます 。 これ は 補給 の 際 に 次回 の 補給 数 を 指定 でき ます 。 その とき 、 補充 し た分 を ２ リットル ごと に ２00 円 の 料金 を いただき ます 。 契約金 は 300円 に なり ます 。  
__label__1, それ は 買っ た あと は 、 ペットボトル どう する の 。  
__label__1, これ は 再利用 可能 な ので 、 下取り を 行い 、 購入金額 を 下取り 価格 から 引い た もの が お 支払い 金額 と なり ます 。  
__label__1, それ だ と 安く なる わ ね 。  
__label__1, そうですね 。 それ を 先 ほど 申し た 通り 定期 で 行い ます 。 それなら 、 水 を 買い に 行か なく て すむ よう に なる ので 、 す ごく楽 に なり ます よ 。 さらに 水 は 飲む だけ で なく 、 料理 など に も 使え ます 。  
__label__1, そう ね 。 私 も 最近 、 外 に 行く の が 、 億劫 に なっ て いる から 特に 水物 類 は 重く て 、 運 びたくなくなってたのよね 。 契約 さ せ て いただき ます 。  
__label__1, ありがとう ござい ます 。 こちら が 契約書 に なり ます 。 この 部分 に 契約期間 の 記述 と 了承 の 印鑑 を 押し て ください 。 そう し て いただき まし たら 、 今日 から でも 、 補充 さ て いただき ます 。  
__label__1, ありがとう 、 お願い し ます 。 これ って 、 今年 だけ の もの な の 。  
__label__1, いえ 、 彼 は その 年 の 終わり 、 この 場合 で 言い ます と 、 １２月 の 段階 で 来期 も 契約 さ れる か 、 確認 に 来さ せ て いただき ます 。 その 時 に 来期 も 継続 の 意思 が あれ ば 、 来年 の １月 から に 今回 と 同様 に 訪問 さ せ て いただき ます 。  
__label__1, そう な の 、 ありがとう 、 じゃあ 来年 も お願い し たい と 思い ます 。  
__label__1, はい 、 来期 も よろしくお願いします 。  
__label__1, こんにちは 、 左手 介護 会社 の ディオ です 。 この 度 は 介護用品 の 販売 で 参り まし た 。  
__label__1, どうして 、 うち に きっ た の  
__label__1, お宅 は 介護 サービス を 利用 さ れ て いる ので 、 介護 の 必要 が ある 可能性 が 高い お宅 だ と 思い 、 訪問 さ せ て いただき まし た 。  
__label__1, そういう こと ね 。 でも 介護用品 なんて 役に立つ の 。  
__label__1, 現在 の 日本 で は 、 要介護 者 を 高齢者 が 介護 する など の 事態 が 発生 し て い ます 。 です が 、 介護 は 大変 な 作業 です 。 介護 を 無理 に 行う ため に 、 逆 に 体 を 壊し て しまう 人 が 続出 し て い ます 。 そこで 介護用品 を 用い て 介護 を 行う こと で これ を 防止 でき ます 。  
__label__1, 確か に 力仕事 も ある し 、 大変 な 時 や 体 に 無理 を 感じる とき は ある わ 。 それ を 機械 で 出来 たら 助かる 。  
__label__1, そう でしょ う 。 介護用品 は 数多く 種類 が ある ので 、 必要 な もの が 判断 し にくい と 思い ます 。 そこで 、 被 介護 者 の 病気 や 症状 、 もしくは 介護 者 の 身体 状況 で パターン 化 さ れ た 用途 の もの を 提示 し て い ます 。 たとえば 、 この ベット は 上体 と 下半身 を 個別 に 操作 できる 代物 で 2万円 と なり ます 。 これ を 貸し出す と 年会費 と 年間 で 二万 な ので 1か月 は 1800円 と なり ます 。  
__label__1, それなら 探し やすい し 、 安く なる わ ね 。 期間 は どう なっ て いる の 。  
__label__1, 基本的 に １ 年 契約 です 。 しかし 、 一 か月 ごと に 契約 を 解除 する 機会 が あり ます 。 そのため 、 支払い は 月 ごと と なり ます 。 価格 は パンフレット に ある よう に 個別 に 決まっ て い ます 。  
__label__1, わかっ た 。 契約 し たい から やり方 を 教え て  
__label__1, この 契約 書 に ある サービス と の 締結 で 年会費 は 5000円 と なり ます 。 これ は 途中解約 さ れ て も 、 返還 でき ませ ん 。 契約 する に は 必要 な 製品 の 番号 と 個数 を 記入 し て ください 。 大きい もの に なれ ば 、 設置 に 来さ せ て いただき ます 。 それら も 代金 の 中 に 入っ て いる ため 、 追加 料金 は 発生 し ませ ん 。 ただし 、 指定 さ れ た 期限 まで に 振り込ま れ ない 場合 は 返還要求 を 行う こと が あり ます 。  
__label__1, こんにちは 左手 製薬 の 増尾 です 。 この 度 、 アロマセラピー の 紹介 と 販売 に うかがわ せ て いただき まし た 。  
__label__1, あら 、 どうして 、 そんな もの の 販売 に 来 た の 。  
__label__1, はい 、 皆様 そのよう な 反応 さ れる と 思い ます が 、 これ が 日常生活 に 非常 に 良い 影響 を 与える もの な の です 。 最近 高齢者 の 孤独死 、 自殺 など が 取り だ たさ れ て いる と 思い ます 。 これら の 原因 は 、 日常生活 で の ストレス による 精神 へ の 過剰 負荷 、 人間関係 の 困難 さ に 起因 する 悩み など の 精神 へ の 負担 が 解消 でき ない こと です 。 特に 孤独死 について は 夫妻 の 片方 、 もしくは 子供 の 独立 による こと で 精神的 に 参っ て しまう こと が 多い ん です 。 これ を 改善 する ため に 五感 に 適切 な 刺激 を 与え て やる こと が 効果 的 で ある と 証明 さ れ て い ます 。  
__label__1, でも 私 も 年 だ し 、 運動系 は 正直 遠慮 し たい です 。  
__label__1, ええ 、 実際 、 運動 は ストレス 発散 に は 非常 に 効果 的 です が 、 人 によって は ひざ や 腰 に 持病 を 抱える 人 も 多く 、 簡単 に 行え ず 、 そういう 方々 に は 逆効果 に なる 場合 が 多い の です 。 そこで アロマセラピー の 出番 という わけ です 。  
__label__1, それ って どんな 効果 ある の 。  
__label__1, 匂い という の は 人 の 五感 の 中 の 一つ です が 、 人間 は 臭い 部屋 に いる こと は 例外 なく 不快 に 感じ ます 。 これ は 嗅覚 が 人間 の 精神 に 大きな 影響 を 与える 証明 で あり 、 これ を 応用 し て 人間 を 落ち着か せる 匂い を かが せる と 精神 の 負荷 を 和らげる 効果 が あり ます 。 実際 、 メンタルセラピー に も 用い られ て い ます 。  
__label__1, いい わ ね 。 どういう 契約 に なる の 。  
__label__1, それ は です ね 。 まず 、 アロマ を 散布 する 装置 を 持っ て いる か どう か で 始まり ます 。 持っ て いれ ば 、 自 所持 し て いる もの を 使用 し て いただけれ ば いい です が 、 持っ て い ない 場合 は 3000円 の 機会 を 購入 し て いただき ます 。 その後 、 いくつか の 試験 的 な アロマオイル を 10 個 ほど お 使い に なら れ て 、 個人 の 特徴 と 用途 に 合わせ て カスタマイズ し て いく こと に なり ます 。 詳しい 価格 は この パンフレット に 書か れ て い ます 。 アロマ 代 は 一個 、 500円 くらい に なり ます 。 セット など は 5 個 セット 2000円 十 個 セット で 4000円 に なり ます 。  
__label__1, いい わ 、 契約 し ます 。  
__label__1, ありがとう ごぜ い ます 。 年会費 と 初回 価格 は 契約書 に 書か れ た とおり に なり ます 。 アロマ の 購入 の 期間 は 2週間 に 一 度 、 もしくは 一 か月 の 一 度 に なり ます 。 契約書 の ここ に 氏名 と 印鑑 と 住所 を ご 記入 ください 。  
__label__2, こんにちは 、 この マンション の 管理会社 の 者 です 。 この マンション の キッチン の 使用 方法 について 、 説明 に 伺い まし た 。 説明 の ため に 、 全て の お部屋 を 回っ て い ます 。 今 よろしい でしょ う か 。  
__label__2, わかり まし た 。 お願い し ます 。  
__label__2, 説明 は 以上 に なり ます 。 それ だけ で なく 、 キッチン の シンク に 、 新しい 設備 を 設置 する こと が できる よう に なり まし た 。 新しい 設備 を 設置 する こと で 、 キッチン の 生ゴミ を 、 そのまま 水 と 一緒 に 流す こと が 出来る よう に なり ます 。 この ディスポーザー は 、 欧米では 一般 に 普及 し て いる 設備 で 、 日本 で も 普及 が 進ん で いる 設備 です 。  
__label__2, な ん です か 、 それ  
__label__2, 生ごみ を 粉砕 する 機会 です 。 欧米 の 進ん だ ディスポーザー に は 、 割れ た お 皿 ごと 破砕 できる 機械 も ある ん です よ 。 この マンション は 、 最新 式 の 設備 を 使用 し て い ます から 、 ディスポーザー を 設置 し て も 問題 ない はず です 。 最新 の タワーマンション など で は 、 ディスポーザー を 使用 できる 所 も 多い ん です よ 。  
__label__2, そう な ん です か 。  
__label__2, 他 の 部屋 で も 設置 が 進ん で いる ので 、 お勧め です よ 。 ディスポーザー は 8万円 ほど に なり ます が 、 工事 と 合わせ て も 、 15万円 ほど に なり ます 。 さらに 管理会社 から の 委託 さ れ た 会社 の 製品 を 使う ので 、 割安 に なり ます よ  
__label__2, 買う に は どう すれ ば いい です か 。  
__label__2, 依頼 を する 旨 を 、 この 書類 に 印鑑 と 氏名 と を 書い て いただい て 、 依頼 し て ください 。 住所 の 記入 も お願い し ます 。 そう し て もらえれ ば 、 契約 成立 と なり ます ので 、 契約書 を 送付 さ れる と おもい ます 。 この マンション は 構造 も 相手方 は 知っ て いる ので 、 見積 書 も 同時に 添付 さ れる と 思い ます よ 。 そうして いただけれ ば 、 この 地域 の 会社 な ので 、 2 ， 3日 で 設置 工事 に やってくる と 思い ます 。 価格 は １ ５ 万 円 ほど だ と おもい ます が 、 分割払い も できる ので 、 利用 し て ください 。 ただし 、 これ は 期限 が ある ので 、 入居 し て 2週間 以内 な ので 、 期間 内 に 契約 し て ください 。  
__label__2, わかり まし た 。 印鑑 を 持っ て き ます 。  
__label__2, こんにちは 　 この マンション の 浄水器 の 点検 に 伺い まし た  
__label__2, 半年 に 一 度 の 定期 の 点検 の 方 です か  
__label__2, はい 　 そう です  
__label__2, こちら の キッチン と お 風呂 場 に 浄水器 が ある ので 点検 お願い し ます  
__label__2, わかり まし た 　 そちら に 案内 し て ください  
__label__2, 浄水器 の フィルター を 掃除 し た 結果 、 フィルター が 真っ黒 に なっ て い た ので 、 交換 し まし た 。  
__label__2, わかり まし た 。 ありがとう ござい まし た 。  
__label__2, ただ 家 の 中 の 水 に 錆 が 出 て い ます 。 この コップ の 水 を 見 て いただい たら 、 わかる と 思い ます が 、 少し 変色 し て い ます 。  
__label__2, そう な ん です か 。 たしかに 少し 変色 し て ます ね 。  
__label__2, そこで なん です が 、 この 磁気 通 水 装置 を つけれ ば 、 この 錆 も 気 に し なく て いい です よ 。  
__label__2, えー 　 そう な ん です か 。 毎日 水 を 飲ん で まし た けど 、 体 に 特に 異常 も 出て ない し 、 浄水器 の 通し た 水 な ので 大丈夫 じゃ ない の 。  
__label__2, まったく 洗浄 でき ない わけ じゃ ない の です が 、 こちら の 商品 の 方 が より 安全 に 水 を お 使い いただけ ます 。 値段 は 約 ４ ０ 万 円 ほど に なり ます 。  
__label__2, 四 十 万 円 は 高く て 払え ない の よ 。 お金がない ん です よ ね 。 半年 に 一 回 フィルター を 替え て もらっ て いる から 、 それ で 間に合う ん じゃ ない かしら  
__label__2, 半年 に 一 回 の 点検 に は もちろん 来 ます けど 、 これから 十 年 以上 の お 付き合い を し なけれ ば なら ない から 、 お 体 に は 十二分 に 気 を 付け て いただか ない と  
__label__2, そう 言わ れ て も 実際 に 二 年 以上 この 浄水器 で 健康 だっ た から 大丈夫 だ と 思う の だ けど  
__label__2, お客さん に は 元気 で い て もらわ ない と いけ ない ん です 。 今 なら 当社 の 契約者 で ある お客様 に 磁気 通 水 装置 の メンテナンス 費用 、 出張 料 、 カートリッジ の 交換 も 含め て 、 三 十 五 万 円 で いい です よ  
__label__2, そんなに 急 に 言わ れ て も 、 三 十 五 万 は 大金 です し  
__label__2, 今週 まで の 期間限定 で 分割払い で も 購入 契約 でき ます よ  
__label__2, 何 か月 に 分け て 分割 できる の  
__label__2, １ ２ か月 に 分割 する こと が でき ます  
__label__2, わかり まし た  
__label__2, また この 契約 は 十 年間 有効 と なり ます ので よろしくお願いします 。  
__label__2, こんにちは 、 この マンション の 管理会社 の 関連 の 者 です 。 この マンション の 管理会社 から 委託 を 受け て 、 換気扇 の 使用 方法 の 説明 に 伺い まし た 。 全て の 入居 者 の 方 に 説明 を 行っ て い ます 。  
__label__2, わかり まし た 。 お願い し ます 。  
__label__2, 説明 は 以上 に なり ます 。 です が 、 説明 し て いる 間 に 見 させ て い た の です が 、 この マンション の 設備 を 汚さ ない よう 、 換気扇 に は 、 フィルター を 設置 し なけれ ば なり ませ ん 。 このまま で は 、 排気ダクト に 油 汚れ が びっしり と 付い て しまい ます 。  
__label__2, そう な ん です か 。 まだ 入っ た ばかり な の です が 。  
__label__2, 契約書 に 書か れ て いる と 思い ます 。 この マンション は 人 が 出 て いく とき に 取り外さ れる の です 。 他 の 所 に も 設置 し なけれ ば なり ませ ん 。  
__label__2, あと どこ と どこ な の です か 。  
__label__2, 給 気 口 に も フィルター を 設置 し ない と 。 外気 の 汚れ で 室内 が 真っ黒 に なっ て しまい ます 。  
__label__2, そう な の です か 。 わかり まし た 。  
__label__2, あと これ は 新規 の 入居 者 に おすすめ し て いる の です が 。 キッチン 回り や 室内 の クロス は 、 しばらく 暮らし て いる と 、 すぐ に 汚 なく なっ て しまい ます 、 せっかく 綺麗 な 新築マンション な のに 、 すぐ に 汚れ て しまっ て は 、 もったいない です よ ね 。 でも 、 キッチン 回り や 、 室内 の クロス に コーティング 工事 を 行え ば 、 汚れ を 寄せ付け ず 、 いつまでも 綺麗 な 状態 を 保つ こと が でき ます 。  
__label__2, それ は 高い ん じゃ ない です か  
__label__2, 汚れ て しまっ て から で は 手遅れ に なり ます 。 床 の フローリング も 、 床 に 傷 が つく 前 に 、 まだ 綺麗 な 今 の うち に 、 コーティング 工事 を し ましょ う 。  
__label__2, 価格 と 契約 は どう すれ ば いい です か 。  
__label__2, 価格 は フィルター が ９ 万 円 で コーティング 工事 が 21万円 ほど で なり ます 。 この 書類 に 印鑑 と 氏名 と を 書い て いただい て 、 依頼 し て ください 。 住所 の 記入 も お願い し ます 。 そう し て もらえれ ば 、 契約 成立 と なり ます ので 、 契約書 を 送付 さ れる と おもい ます 。 この マンション は 構造 も 相手方 は 知っ て いる ので 、 見積 書 も 同時に 添付 さ れる と 思い ます よ 。 そうして いただけれ ば 、 この 地域 の 会社 な ので 、 2 ， 3日 で 工事 に やってくる と 思い ます 。 費用 は ３ ０ 万 円 ほど だ と おもい ます が 、 分割払い も できる ので 、 利用 し て ください 。  
__label__2, この 地域 一帯 で 、 無料 点検 を 行っ て い ます 。 お宅 の 屋根 と 外装 の 壁 を 点検 し て み た 所 、 屋根 の 瓦 に 歪み と 外装 の 剥がれ が 確認 でき た の です が 、 詳しく 調べ て も よろしい でしょ う か ？  
__label__2, 本当に 無料 な の ？ 無料 なら 、 お願い し ます  
__label__2, はい 、 本当に 無料 です 。 （ 作業 が 終わる ）  
__label__2, 検査 し た 結果 、 屋根 が 歪ん で 、 隙間 から 屋根裏 に 雨水 が 浸水 し て 、 腐敗 し て い ます 。 このまま だ と 台風 など が 来 たら 、 一 発 で 屋根 が 落ちる 可能性 が あり ます 。  
__label__2, そろそろ 台風 の 季節 な のに 、 どう しよう 。  
__label__2, 当社 と 連携 し て いる 建設会社 が あり ます 。 すぐ に 見積 書 を 作れ ます よ 。 屋根 を 取り換え する ので 、 二 百 五 十 万 円 ほど に なり ます 。  
__label__2, そんな 余裕 は ない 。  
__label__2, 月々 、 二 万 五 千 円 の ローン で いい です よ 。  
__label__2, いや 、 それでも きつい ので やめ て おき ます 。 お金 が ない ので  
__label__2, 今 なら 、 特別 に 分割払い 手数料 を 値引き する ので  
__label__2, それでも 家族 に 相談 し て から で ない と 　  
__label__2, 手数料 の 割引 は 期間限定 で 明日 まで な ので 手続き を 考える と 今日 決め て いただか ない と  
__label__2, でも 家族 と 相談 なし に は 決め られ ない  
__label__2, 屋根 が 崩れる と 屋内 に いる 方 は 非常 に 危険 に さらさ れ ます 。 あな た様 の 決定 が ご 家族 の 安全 に も つながり ます 。 十 五 年 ローン に すれ ば 、 月々 が 二万 ほど に なり ます し 、 いかが でしょ う か 。  
__label__2, 十 五 年 ローン は 長い し 、 やっぱり 今日 で は 決める の は  
__label__2, 今日 の 機会 を 逃す と 、 十 年 ローン で 月々 三 万 円 に なり ます よ 。  
__label__2, わかり まし た 。  
__label__2, ありがとう ござい ます 。 契約書 が ある ので 、 直筆 の 氏名 と 工事 了承 の サイン と 判子 を お願い し ます 。  
__label__2, 具体 的 な 見積 書 は どう なっ て いる の でしょ う か 。  
__label__2, 今日 、 契約書 と サイン を 作る ので 、 二 ・ 三 日 後 に は 見積 書 を おくり ます 。  
__label__2, こんにちは 、 この マンション の 管理会社 の 者 です 。 この マンション の 電気 の 電気 事情 について の 調査 の 視察 に 参り まし た 。 説明 も かね て 、 全て の お部屋 を 回っ て い ます 。 今 よろしい でしょ う か 。  
__label__2, わかり まし た 。 お願い し ます 。  
__label__2, この あたり の 月々 の 電気代 と 見積 書 を 提出 し て い た だけ ませ ん か 。  
__label__2, わかり まし た 。 ちょっと 待っ て ください 。  
__label__2, これ は 月々 、 結構 な 量 の 電気 を 使用 し て い ます ね 。  
__label__2, 私たち は ６ 人 家族 だ から ね 。  
__label__2, それ なら ば 、 太陽 パネル を ご 利用 に なり ませ ん か 。 この マンション の 改築 を 行う にあたり 太陽 パネル を 利用 さ れる 場合 、 カンパ を し て いただき たい と 考え て い ます 。  
__label__2, なんで そんな こと が 必要 な の 。  
__label__2, やはり 、 電気 の 基本 料金 の 上昇 が あり ます 。 電力会社 は 生産 できる 電力 に は 限り が ある ため 、 大量 に 消費 さ れる の を 防ぐ 、 無駄 な 消費 を 減らす ため に 、 電気 の 価格 を 上げる しか 今 まで は なかっ た の です が 、 それでも 追いつか なく なっ て いく 可能性 が 数 多く の 製品 の 電気 化 で 強く なっ て いる の です 。 さらに 集合住宅 で ある マンション は 特に 全 部屋 の 人 が 気 を 付け ない と 、 改善 さ れ ない ので 、 それ なら ば 、 自己 生産 を 行い 、 それ を 超え た 電気 を 供給 し て もらえれ ば 月々 の 電気代 も 変わる と 思い ます 。 な ので 、 各 家庭 の 電力 生産 の 補助 の 協力 に 乗り出し まし た 。  
__label__2, それ を する と 工事 が いる の よ ね 。 どの くらい かしら 。 部屋 数 で 割る から 大した こと ない の かしら 。  
__label__2, おそらく 10０ 万 円 くらい だ と おもい ます 。  
__label__2, その 高い 金額 は 今 の 家庭 に は きつい わ 。 なん で そんなに 高い の 。  
__label__2, 部屋 ごと に 新た な 回線 を 持っ て こ ない と いけ ない から 、 その 工事 費 も 含ま れ て いる ので 、  
__label__2, この 金額 です 。 です が 、 月々 の 電気代 は 確実 に 安く なり ます し 、 国 から の 補助 も もらえる ので 、 かなり お 得 に と 思い ます 。 当然 です が 、 この 契約 を 行える の は カンパ を し て くれ た 世帯 のみ です 。 今次 が 開始 さ れる まで の 期間限定 な ので 、 お 急ぎ ください 。 分割払い も もちろん でき ます 。  
__label__2, わかっ た 。 お願い し ます 。  
__label__2, この 契約 書 に 工事 了承 の サイン と 氏名 、 さらに この 自治体 の 提案 を 受け入れ た と の 契約書 の 氏名 入力 を お願い し ます 。  
__label__2, こんにちは 、 私 は 近く で 工事 を し て いる 会社 の 者 です が 、 この 地域 の 床下 を 無料 点検 さ せ て いただい て い ます 。  
__label__2, そう な ん です か 。 確か に 最近 、 床下 事情 の こと は 気 に なっ て い た の よ ね 。  
__label__2, 点検 さ せ て いただい て も よろしい でしょ う か 。  
__label__2, いや 、 それ は 業者 を 呼ぶ から いい わ 。  
__label__2, わたくし たち なら 、 現在 、 この 近く で 工事 を 行っ て 申請 さ れ て い た 工事 規模 より 、 かなり 小規模 だっ た ので 、 人員 が 余っ て まし て 、 この 機会 に 、 無料 で 床下 の 点検 を さ せ て いただい て 、 仕事 を し て い ます 。  
__label__2, わかっ た わ 。 それなら 、 お願い し ます 。  
__label__2, 点検 は 終了 いたし まし た 。 結論 から いう と シロアリ が 浴槽 と 台所 に 繁殖 し て い ます 。 これ を 放置 し て いる と 、 床 が 抜け て しまう 原因 に なっ たり 、 家 の 主要 構造 部 が 傷む 原因 と 最悪 の 場合 家屋 の 倒壊 に つながり ます 。 そう なり ます と 、 家 全体 の 補修 を し なく て は なら なく なり ます 。 そう なり ます と 、 出費 が かさみ ます 。  
__label__2, 確か に そう ね 。 工務店 に 頼ん で 見積 書 を 頼ま ない と いけ ない わ ね  
__label__2, 実は 、 当社 の 社長 から 、 せっかく この 地域 まで 工事 に 来 た の だ から 、 今 行っ て いる だけ の 工事 で 帰る の は もったいない 。 せっかく 運ん で き た 工事 資材 や 部材 の 運搬 費 が 無駄 に なっ て しまう 。 サービス 価格 でも 構わ ない から 、 ほか に も 工事 を 募集 し て 来る よう に と いわ れ て いる ん です よ 。 工事 が 終わる まで の 期間限定 です か 、 今 なら お安く お 見積り でき ます が 、  
__label__2, そう な の 。 で も 安く 工事 し たい の よ ね 。  
__label__2, もうすぐ 近所 で の 工事 も 終わり ます ので 、 今 なら 特別価格 で 工事 を さ せ て いただき ます 。 工事 用 の 足場 が そのまま 使え ます ので 、 不要 と なる 工事 資材 の 運搬 費用 、 人件費 、 燃料費 を 、 すべて 割り引く こと が 出来 ます 。 さらに 特別 に 、 足場 架設 費用 も カット さ せ て いただき ます 。  
__label__2, そう な の 。 なら お願い しよ う かしら 。  
__label__2, ありがとう ござい ます 。 でし たら 、 この 契約 書 に 工事 了承 の サイン と 氏名 、 印鑑 を お願い し ます 。 見積 書 は 今回 の 点検 から 2日 後 に 郵送 さ せ て いただき ます 。 工事 の 料金 は 目算 で ６ ０ ０ 万 円 ほど と なり ます 。 分割払い は もちろん できる ので 、 ご 利用 ください  
__label__2, こんにちは 、 私 は 生活用品 の 買取 会社 の もの です 。 今月 は この 地域 一帯 の 買取 に 伺わ せ て 、 いただい て ます 。 生活用品 と いっ て も 多様 な 商品 を 取り扱っ て ます 。 分かり やすく 言う と 、 衣類 等 の 不用品 の 買取 、 もしくは 本 、 CD 、 も 含め て あらゆる 物 の 買取 を 行い ます 。  
__label__2, 不用品 なら 確か に ある けど 、 本当に 何 でも 買い取っ て くれる の 。  
__label__2, はい 、 靴 の 古く なっ た もの 、 草履 や サンデル で も いい です 。 衣類 も セーター や ジャンパー に 至る まで 、 何 でも いい です 。  
__label__2, それなら 、 持っ て き て み ます 。 とりあえず 、 これだけ あっ た けど 、 これ で 本当に 買取 できる の 。  
__label__2, はい 、 日本 の 製品 は 質 が 高く て 、 保存 環境 も いい ので 、 物資 の 不足 し て いる 東南アジア など に 送る と 、 とても 喜ば れる の です 。  
__label__2, わかり まし た 。 これ を 査定 お願い 。 出来る だけ 高く なっ て くれる と 、 うれしい わ 。  
__label__2, わかり まし た 。 査定 し た 結果 は 衣類 が ６ 千 円 、 履物 類 が ３ 千 円 、 書物 が １ 万 ２ 千 円 、 CD が 二 千円 と なり ます 。 以上 で ２ 万 三 千 円 に なり ます 。  
__label__2, ありがとう 。 結構 高く なる の ね 。  
__label__2, ところで お客様 、 貴金属 など は お 持ち じゃ ない でしょ う か 。 貴金属 は 産出国 の 生産量 が 激増 し た ため 、 値段 が 暴落 する 可能性 が ある の です 。  
__label__2, 貴金属 類 は もって ない わ ね 。  
__label__2, それ は ない でしょ う 。 本当に あり ませ ん か 。 見せ て くれる だけ でも いい ん です 。  
__label__2, 何 も あり ませ ん し 、 貴金属 は 絶対 に 売り ませ ん 。  
__label__2, しかし です ね 。 私たち の 会社 で は 書類 を 見 て いただい たら 、 わかる よう に 複数 の 商品 を 買取 証明 書 に 記載 する ので 、 貴金属 が ない と ほか の もの に 価格 が つけ られ ない ん です 。 補助金 が 出 て いる ので この 価格 で 買い取れる ん です 。 結婚 さ れ て いる なら 、 結婚指輪 も ある でしょ う 。  
__label__2, いや 、 ありません し 、 大切なもの は 不要 な もの で は あり ませ ん 。  
__label__2, それ だ と 契約 書 の 内容 に 合致 し ない ので 、 契約 が 成立 し ない ん です よ 。 この 買取 は 東南アジア に 送る 関係 上 、 期間 の 限度 が 決め られ て い て 、 それ まで に 条件 を 満たし て 、 契約 を 履行 し ない と 無効 に なる の です 。 買取 の 契約書 に 書い て いる 通り でしょ 。  
__label__2, それなら いい です 。 帰っ て ください 。  
