__label__3, こんにちは 、 この マンション の 管理会社 の 者 です 。 この マンション の キッチン の 使用 方法 について 、 説明 に 伺い まし た 。 説明 の ため に 、 全て の お部屋 を 回っ て い ます 。 今 よろしい でしょ う か 。  
__label__3, わかり まし た 。 お願い し ます 。  
__label__3, 説明 は 以上 に なり ます 。 それ だけ で なく 、 キッチン の シンク に 、 新しい 設備 を 設置 する こと が できる よう に なり まし た 。 新しい 設備 を 設置 する こと で 、 キッチン の 生ゴミ を 、 そのまま 水 と 一緒 に 流す こと が 出来る よう に なり ます 。 この ディスポーザー は 、 欧米では 一般 に 普及 し て いる 設備 で 、 日本 で も 普及 が 進ん で いる 設備 です 。  
__label__3, な ん です か 、 それ  
__label__3, 生ごみ を 粉砕 する 機会 です 。 欧米 の 進ん だ ディスポーザー に は 、 割れ た お 皿 ごと 破砕 できる 機械 も ある ん です よ 。 この マンション は 、 最新 式 の 設備 を 使用 し て い ます から 、 ディスポーザー を 設置 し て も 問題 ない はず です 。 最新 の タワーマンション など で は 、 ディスポーザー を 使用 できる 所 も 多い ん です よ 。  
__label__3, そう な ん です か 。  
__label__3, 他 の 部屋 で も 設置 が 進ん で いる ので 、 お勧め です よ 。 ディスポーザー は 8万円 ほど に なり ます が 、 工事 と 合わせ て も 、 15万円 ほど に なり ます 。 さらに 管理会社 から の 委託 さ れ た 会社 の 製品 を 使う ので 、 割安 に なり ます よ  
__label__3, 買う に は どう すれ ば いい です か 。  
__label__3, 依頼 を する 旨 を 、 この 書類 に 印鑑 と 氏名 と を 書い て いただい て 、 依頼 し て ください 。 住所 の 記入 も お願い し ます 。 そう し て もらえれ ば 、 契約 成立 と なり ます ので 、 契約書 を 送付 さ れる と おもい ます 。 この マンション は 構造 も 相手方 は 知っ て いる ので 、 見積 書 も 同時に 添付 さ れる と 思い ます よ 。 そうして いただけれ ば 、 この 地域 の 会社 な ので 、 2 ， 3日 で 設置 工事 に やってくる と 思い ます 。 価格 は １ ５ 万 円 ほど だ と おもい ます が 、 分割払い も できる ので 、 利用 し て ください 。 ただし 、 これ は 期限 が ある ので 、 入居 し て 2週間 以内 な ので 、 期間 内 に 契約 し て ください 。  
__label__3, わかり まし た 。 印鑑 を 持っ て き ます 。  
__label__3, こんにちは 　 この マンション の 浄水器 の 点検 に 伺い まし た  
__label__3, 半年 に 一 度 の 定期 の 点検 の 方 です か  
__label__3, はい 　 そう です  
__label__3, こちら の キッチン と お 風呂 場 に 浄水器 が ある ので 点検 お願い し ます  
__label__3, わかり まし た 　 そちら に 案内 し て ください  
__label__3, 浄水器 の フィルター を 掃除 し た 結果 、 フィルター が 真っ黒 に なっ て い た ので 、 交換 し まし た 。  
__label__3, わかり まし た 。 ありがとう ござい まし た 。  
__label__3, ただ 家 の 中 の 水 に 錆 が 出 て い ます 。 この コップ の 水 を 見 て いただい たら 、 わかる と 思い ます が 、 少し 変色 し て い ます 。  
__label__3, そう な ん です か 。 たしかに 少し 変色 し て ます ね 。  
__label__3, そこで なん です が 、 この 磁気 通 水 装置 を つけれ ば 、 この 錆 も 気 に し なく て いい です よ 。  
__label__3, えー 　 そう な ん です か 。 毎日 水 を 飲ん で まし た けど 、 体 に 特に 異常 も 出て ない し 、 浄水器 の 通し た 水 な ので 大丈夫 じゃ ない の 。  
__label__3, まったく 洗浄 でき ない わけ じゃ ない の です が 、 こちら の 商品 の 方 が より 安全 に 水 を お 使い いただけ ます 。 値段 は 約 ４ ０ 万 円 ほど に なり ます 。  
__label__3, 四 十 万 円 は 高く て 払え ない の よ 。 お金がない ん です よ ね 。 半年 に 一 回 フィルター を 替え て もらっ て いる から 、 それ で 間に合う ん じゃ ない かしら  
__label__3, 半年 に 一 回 の 点検 に は もちろん 来 ます けど 、 これから 十 年 以上 の お 付き合い を し なけれ ば なら ない から 、 お 体 に は 十二分 に 気 を 付け て いただか ない と  
__label__3, そう 言わ れ て も 実際 に 二 年 以上 この 浄水器 で 健康 だっ た から 大丈夫 だ と 思う の だ けど  
__label__3, お客さん に は 元気 で い て もらわ ない と いけ ない ん です 。 今 なら 当社 の 契約者 で ある お客様 に 磁気 通 水 装置 の メンテナンス 費用 、 出張 料 、 カートリッジ の 交換 も 含め て 、 三 十 五 万 円 で いい です よ  
__label__3, そんなに 急 に 言わ れ て も 、 三 十 五 万 は 大金 です し  
__label__3, 今週 まで の 期間限定 で 分割払い で も 購入 契約 でき ます よ  
__label__3, 何 か月 に 分け て 分割 できる の  
__label__3, １ ２ か月 に 分割 する こと が でき ます  
__label__3, わかり まし た  
__label__3, また この 契約 は 十 年間 有効 と なり ます ので よろしくお願いします 。  
__label__3, こんにちは 、 この マンション の 管理会社 の 関連 の 者 です 。 この マンション の 管理会社 から 委託 を 受け て 、 換気扇 の 使用 方法 の 説明 に 伺い まし た 。 全て の 入居 者 の 方 に 説明 を 行っ て い ます 。  
__label__3, わかり まし た 。 お願い し ます 。  
__label__3, 説明 は 以上 に なり ます 。 です が 、 説明 し て いる 間 に 見 させ て い た の です が 、 この マンション の 設備 を 汚さ ない よう 、 換気扇 に は 、 フィルター を 設置 し なけれ ば なり ませ ん 。 このまま で は 、 排気ダクト に 油 汚れ が びっしり と 付い て しまい ます 。  
__label__3, そう な ん です か 。 まだ 入っ た ばかり な の です が 。  
__label__3, 契約書 に 書か れ て いる と 思い ます 。 この マンション は 人 が 出 て いく とき に 取り外さ れる の です 。 他 の 所 に も 設置 し なけれ ば なり ませ ん 。  
__label__3, あと どこ と どこ な の です か 。  
__label__3, 給 気 口 に も フィルター を 設置 し ない と 。 外気 の 汚れ で 室内 が 真っ黒 に なっ て しまい ます 。  
__label__3, そう な の です か 。 わかり まし た 。  
__label__3, あと これ は 新規 の 入居 者 に おすすめ し て いる の です が 。 キッチン 回り や 室内 の クロス は 、 しばらく 暮らし て いる と 、 すぐ に 汚 なく なっ て しまい ます 、 せっかく 綺麗 な 新築マンション な のに 、 すぐ に 汚れ て しまっ て は 、 もったいない です よ ね 。 でも 、 キッチン 回り や 、 室内 の クロス に コーティング 工事 を 行え ば 、 汚れ を 寄せ付け ず 、 いつまでも 綺麗 な 状態 を 保つ こと が でき ます 。  
__label__3, それ は 高い ん じゃ ない です か  
__label__3, 汚れ て しまっ て から で は 手遅れ に なり ます 。 床 の フローリング も 、 床 に 傷 が つく 前 に 、 まだ 綺麗 な 今 の うち に 、 コーティング 工事 を し ましょ う 。  
__label__3, 価格 と 契約 は どう すれ ば いい です か 。  
__label__3, 価格 は フィルター が ９ 万 円 で コーティング 工事 が 21万円 ほど で なり ます 。 この 書類 に 印鑑 と 氏名 と を 書い て いただい て 、 依頼 し て ください 。 住所 の 記入 も お願い し ます 。 そう し て もらえれ ば 、 契約 成立 と なり ます ので 、 契約書 を 送付 さ れる と おもい ます 。 この マンション は 構造 も 相手方 は 知っ て いる ので 、 見積 書 も 同時に 添付 さ れる と 思い ます よ 。 そうして いただけれ ば 、 この 地域 の 会社 な ので 、 2 ， 3日 で 工事 に やってくる と 思い ます 。 費用 は ３ ０ 万 円 ほど だ と おもい ます が 、 分割払い も できる ので 、 利用 し て ください 。  
__label__3, この 地域 一帯 で 、 無料 点検 を 行っ て い ます 。 お宅 の 屋根 と 外装 の 壁 を 点検 し て み た 所 、 屋根 の 瓦 に 歪み と 外装 の 剥がれ が 確認 でき た の です が 、 詳しく 調べ て も よろしい でしょ う か ？  
__label__3, 本当に 無料 な の ？ 無料 なら 、 お願い し ます  
__label__3, はい 、 本当に 無料 です 。 （ 作業 が 終わる ）  
__label__3, 検査 し た 結果 、 屋根 が 歪ん で 、 隙間 から 屋根裏 に 雨水 が 浸水 し て 、 腐敗 し て い ます 。 このまま だ と 台風 など が 来 たら 、 一 発 で 屋根 が 落ちる 可能性 が あり ます 。  
__label__3, そろそろ 台風 の 季節 な のに 、 どう しよう 。  
__label__3, 当社 と 連携 し て いる 建設会社 が あり ます 。 すぐ に 見積 書 を 作れ ます よ 。 屋根 を 取り換え する ので 、 二 百 五 十 万 円 ほど に なり ます 。  
__label__3, そんな 余裕 は ない 。  
__label__3, 月々 、 二 万 五 千 円 の ローン で いい です よ 。  
__label__3, いや 、 それでも きつい ので やめ て おき ます 。 お金 が ない ので  
__label__3, 今 なら 、 特別 に 分割払い 手数料 を 値引き する ので  
__label__3, それでも 家族 に 相談 し て から で ない と 　  
__label__3, 手数料 の 割引 は 期間限定 で 明日 まで な ので 手続き を 考える と 今日 決め て いただか ない と  
__label__3, でも 家族 と 相談 なし に は 決め られ ない  
__label__3, 屋根 が 崩れる と 屋内 に いる 方 は 非常 に 危険 に さらさ れ ます 。 あな た様 の 決定 が ご 家族 の 安全 に も つながり ます 。 十 五 年 ローン に すれ ば 、 月々 が 二万 ほど に なり ます し 、 いかが でしょ う か 。  
__label__3, 十 五 年 ローン は 長い し 、 やっぱり 今日 で は 決める の は  
__label__3, 今日 の 機会 を 逃す と 、 十 年 ローン で 月々 三 万 円 に なり ます よ 。  
__label__3, わかり まし た 。  
__label__3, ありがとう ござい ます 。 契約書 が ある ので 、 直筆 の 氏名 と 工事 了承 の サイン と 判子 を お願い し ます 。  
__label__3, 具体 的 な 見積 書 は どう なっ て いる の でしょ う か 。  
__label__3, 今日 、 契約書 と サイン を 作る ので 、 二 ・ 三 日 後 に は 見積 書 を おくり ます 。  
__label__3, こんにちは 、 この マンション の 管理会社 の 者 です 。 この マンション の 電気 の 電気 事情 について の 調査 の 視察 に 参り まし た 。 説明 も かね て 、 全て の お部屋 を 回っ て い ます 。 今 よろしい でしょ う か 。  
__label__3, わかり まし た 。 お願い し ます 。  
__label__3, この あたり の 月々 の 電気代 と 見積 書 を 提出 し て い た だけ ませ ん か 。  
__label__3, わかり まし た 。 ちょっと 待っ て ください 。  
__label__3, これ は 月々 、 結構 な 量 の 電気 を 使用 し て い ます ね 。  
__label__3, 私たち は ６ 人 家族 だ から ね 。  
__label__3, それ なら ば 、 太陽 パネル を ご 利用 に なり ませ ん か 。 この マンション の 改築 を 行う にあたり 太陽 パネル を 利用 さ れる 場合 、 カンパ を し て いただき たい と 考え て い ます 。  
__label__3, なんで そんな こと が 必要 な の 。  
__label__3, やはり 、 電気 の 基本 料金 の 上昇 が あり ます 。 電力会社 は 生産 できる 電力 に は 限り が ある ため 、 大量 に 消費 さ れる の を 防ぐ 、 無駄 な 消費 を 減らす ため に 、 電気 の 価格 を 上げる しか 今 まで は なかっ た の です が 、 それでも 追いつか なく なっ て いく 可能性 が 数 多く の 製品 の 電気 化 で 強く なっ て いる の です 。 さらに 集合住宅 で ある マンション は 特に 全 部屋 の 人 が 気 を 付け ない と 、 改善 さ れ ない ので 、 それ なら ば 、 自己 生産 を 行い 、 それ を 超え た 電気 を 供給 し て もらえれ ば 月々 の 電気代 も 変わる と 思い ます 。 な ので 、 各 家庭 の 電力 生産 の 補助 の 協力 に 乗り出し まし た 。  
__label__3, それ を する と 工事 が いる の よ ね 。 どの くらい かしら 。 部屋 数 で 割る から 大した こと ない の かしら 。  
__label__3, おそらく 10０ 万 円 くらい だ と おもい ます 。  
__label__3, その 高い 金額 は 今 の 家庭 に は きつい わ 。 なん で そんなに 高い の 。  
__label__3, 部屋 ごと に 新た な 回線 を 持っ て こ ない と いけ ない から 、 その 工事 費 も 含ま れ て いる ので 、  
__label__3, この 金額 です 。 です が 、 月々 の 電気代 は 確実 に 安く なり ます し 、 国 から の 補助 も もらえる ので 、 かなり お 得 に と 思い ます 。 当然 です が 、 この 契約 を 行える の は カンパ を し て くれ た 世帯 のみ です 。 今次 が 開始 さ れる まで の 期間限定 な ので 、 お 急ぎ ください 。 分割払い も もちろん でき ます 。  
__label__3, わかっ た 。 お願い し ます 。  
__label__3, この 契約 書 に 工事 了承 の サイン と 氏名 、 さらに この 自治体 の 提案 を 受け入れ た と の 契約書 の 氏名 入力 を お願い し ます 。  
__label__3, こんにちは 、 私 は 近く で 工事 を し て いる 会社 の 者 です が 、 この 地域 の 床下 を 無料 点検 さ せ て いただい て い ます 。  
__label__3, そう な ん です か 。 確か に 最近 、 床下 事情 の こと は 気 に なっ て い た の よ ね 。  
__label__3, 点検 さ せ て いただい て も よろしい でしょ う か 。  
__label__3, いや 、 それ は 業者 を 呼ぶ から いい わ 。  
__label__3, わたくし たち なら 、 現在 、 この 近く で 工事 を 行っ て 申請 さ れ て い た 工事 規模 より 、 かなり 小規模 だっ た ので 、 人員 が 余っ て まし て 、 この 機会 に 、 無料 で 床下 の 点検 を さ せ て いただい て 、 仕事 を し て い ます 。  
__label__3, わかっ た わ 。 それなら 、 お願い し ます 。  
__label__3, 点検 は 終了 いたし まし た 。 結論 から いう と シロアリ が 浴槽 と 台所 に 繁殖 し て い ます 。 これ を 放置 し て いる と 、 床 が 抜け て しまう 原因 に なっ たり 、 家 の 主要 構造 部 が 傷む 原因 と 最悪 の 場合 家屋 の 倒壊 に つながり ます 。 そう なり ます と 、 家 全体 の 補修 を し なく て は なら なく なり ます 。 そう なり ます と 、 出費 が かさみ ます 。  
__label__3, 確か に そう ね 。 工務店 に 頼ん で 見積 書 を 頼ま ない と いけ ない わ ね  
__label__3, 実は 、 当社 の 社長 から 、 せっかく この 地域 まで 工事 に 来 た の だ から 、 今 行っ て いる だけ の 工事 で 帰る の は もったいない 。 せっかく 運ん で き た 工事 資材 や 部材 の 運搬 費 が 無駄 に なっ て しまう 。 サービス 価格 でも 構わ ない から 、 ほか に も 工事 を 募集 し て 来る よう に と いわ れ て いる ん です よ 。 工事 が 終わる まで の 期間限定 です か 、 今 なら お安く お 見積り でき ます が 、  
__label__3, そう な の 。 で も 安く 工事 し たい の よ ね 。  
__label__3, もうすぐ 近所 で の 工事 も 終わり ます ので 、 今 なら 特別価格 で 工事 を さ せ て いただき ます 。 工事 用 の 足場 が そのまま 使え ます ので 、 不要 と なる 工事 資材 の 運搬 費用 、 人件費 、 燃料費 を 、 すべて 割り引く こと が 出来 ます 。 さらに 特別 に 、 足場 架設 費用 も カット さ せ て いただき ます 。  
__label__3, そう な の 。 なら お願い しよ う かしら 。  
__label__3, ありがとう ござい ます 。 でし たら 、 この 契約 書 に 工事 了承 の サイン と 氏名 、 印鑑 を お願い し ます 。 見積 書 は 今回 の 点検 から 2日 後 に 郵送 さ せ て いただき ます 。 工事 の 料金 は 目算 で ６ ０ ０ 万 円 ほど と なり ます 。 分割払い は もちろん できる ので 、 ご 利用 ください  
__label__3, こんにちは 、 私 は 生活用品 の 買取 会社 の もの です 。 今月 は この 地域 一帯 の 買取 に 伺わ せ て 、 いただい て ます 。 生活用品 と いっ て も 多様 な 商品 を 取り扱っ て ます 。 分かり やすく 言う と 、 衣類 等 の 不用品 の 買取 、 もしくは 本 、 CD 、 も 含め て あらゆる 物 の 買取 を 行い ます 。  
__label__3, 不用品 なら 確か に ある けど 、 本当に 何 でも 買い取っ て くれる の 。  
__label__3, はい 、 靴 の 古く なっ た もの 、 草履 や サンデル で も いい です 。 衣類 も セーター や ジャンパー に 至る まで 、 何 でも いい です 。  
__label__3, それなら 、 持っ て き て み ます 。 とりあえず 、 これだけ あっ た けど 、 これ で 本当に 買取 できる の 。  
__label__3, はい 、 日本 の 製品 は 質 が 高く て 、 保存 環境 も いい ので 、 物資 の 不足 し て いる 東南アジア など に 送る と 、 とても 喜ば れる の です 。  
__label__3, わかり まし た 。 これ を 査定 お願い 。 出来る だけ 高く なっ て くれる と 、 うれしい わ 。  
__label__3, わかり まし た 。 査定 し た 結果 は 衣類 が ６ 千 円 、 履物 類 が ３ 千 円 、 書物 が １ 万 ２ 千 円 、 CD が 二 千円 と なり ます 。 以上 で ２ 万 三 千 円 に なり ます 。  
__label__3, ありがとう 。 結構 高く なる の ね 。  
__label__3, ところで お客様 、 貴金属 など は お 持ち じゃ ない でしょ う か 。 貴金属 は 産出国 の 生産量 が 激増 し た ため 、 値段 が 暴落 する 可能性 が ある の です 。  
__label__3, 貴金属 類 は もって ない わ ね 。  
__label__3, それ は ない でしょ う 。 本当に あり ませ ん か 。 見せ て くれる だけ でも いい ん です 。  
__label__3, 何 も あり ませ ん し 、 貴金属 は 絶対 に 売り ませ ん 。  
__label__3, しかし です ね 。 私たち の 会社 で は 書類 を 見 て いただい たら 、 わかる よう に 複数 の 商品 を 買取 証明 書 に 記載 する ので 、 貴金属 が ない と ほか の もの に 価格 が つけ られ ない ん です 。 補助金 が 出 て いる ので この 価格 で 買い取れる ん です 。 結婚 さ れ て いる なら 、 結婚指輪 も ある でしょ う 。  
__label__3, いや 、 ありません し 、 大切なもの は 不要 な もの で は あり ませ ん 。  
__label__3, それ だ と 契約 書 の 内容 に 合致 し ない ので 、 契約 が 成立 し ない ん です よ 。 この 買取 は 東南アジア に 送る 関係 上 、 期間 の 限度 が 決め られ て い て 、 それ まで に 条件 を 満たし て 、 契約 を 履行 し ない と 無効 に なる の です 。 買取 の 契約書 に 書い て いる 通り でしょ 。  
__label__3, それなら いい です 。 帰っ て ください 。  
